Starting fastman92 limit adjuster 6.5, compilation time: May 14 2022 15:40:30 (UTC)
Website: http://fastman92.com

Launch time: 25-3-2023 14:39:18 (UTC), 11:39 (local)
Launched during the day.

Solution platform: ANDROID_ARM32
Game detected: GTA SA 2.00
Game uses dynamic image base? Yes
Game preferred image base: 0x0
Game current image base: 0xBC996000

Number of FLA modules: 70
Delayed processing of limits? Yes

Package name: com.rockstargames.gtasa
Root base directory: /storage/emulated/0
Root directory: /storage/emulated/0/Android/data/com.rockstargames.gtasa/files
Initial directory: /
Cache directory: /data/user/0/com.rockstargames.gtasa/cache
INI filename: fastman92limitAdjuster_GTASA.ini

Global exception handler has been registered.
---------------------------------------------
Modified count of killable model IDs: 99999
---------------------------------------------
---------------------------------------------
Enabling handling.cfg limit adjuster.
New limits:
Number of standard lines = 99999
Number of bike lines = 99999
Number of flying lines = 99999
Number of boat lines = 99999
Number of animation group lines = 30

&mod_HandlingManager = 0xB7FE4A80, sizeof(mod_HandlingManager) = 0x2C40098
---------------------------------------------
Modified limit of DYNAMIC LIMITS: VehicleStructs to: 99999
---------------------------------------------
Modified limit of DYNAMIC LIMITS: rwObjectInstances to: 99999
---------------------------------------------
Modified limit of DYNAMIC LIMITS: Matrices to: 99999
---------------------------------------------
Modified limit of DYNAMIC LIMITS: PtrNode Singles to: 999999
---------------------------------------------
Modified limit of DYNAMIC LIMITS: PtrNode Doubles to: 999999
---------------------------------------------
Modified limit of DYNAMIC LIMITS: EntryInfoNodes to: 99999
---------------------------------------------
Modified limit of DYNAMIC LIMITS: ColModels to: 99999
---------------------------------------------
Modified limit of IPL:inst, buildings to: 999999
---------------------------------------------
Modified limit of IPL:inst, dummies to: 99999
---------------------------------------------
Modified limit of IPL: entity index array to: 99999
---------------------------------------------
Modified limit of IPL:Entry exits to: 99999
---------------------------------------------
Modified limit of IDE:objs:type1 section to 999999
---------------------------------------------
Modified limit of IDE:objs:type2 section to 999999
---------------------------------------------
Modified limit of IDE:hier section to 99999
---------------------------------------------
Modified limit of IDE:tobj section to 99999
---------------------------------------------
Modified limit of IDE:cars section to 99999
---------------------------------------------
Modified limit of IDE:peds section to 99999
---------------------------------------------
Modified limit of IDE:weap section to 99999
---------------------------------------------
Modified limit of IDE:2DFX section to 99999
---------------------------------------------
Streaming memory available limit set to 536870912 bytes (512 MB)
---------------------------------------------
Modified limit of SCM LIMITS: Running scripts to: 192
---------------------------------------------
Modified limit of OTHER LIMITS: Collision size to: 999999
---------------------------------------------
Modified limit of OTHER LIMITS: Object info entries to: 99999
---------------------------------------------
SPECIAL: Fix keyboard making bad mouse movement applied.
---------------------------------------------
SPECIAL: Fix cheats typed by keyboard not working applied.
---------------------------------------------
SPECIAL: Alter file loading order enabled.
---------------------------------------------
SPECIAL: Remove LOD DFF requirement to hold native data enabled.
---------------------------------------------
SPECIAL: Fix HAL crashing on devices with Android 11 and higher enabled.
---------------------------------------------
SPECIAL: Disable CINFO.BIN and MINFO.BIN loading
---------------------------------------------
---------------------------------------------
FLA loading text is disabled.
---------------------------------------------
Number of memory changes made: 169
---------------------------------------------